<?xml version="1.0" encoding="UTF-8"?>
<TestRun id="5fb3c1df-53ca-469c-9903-634f43a17627" name="kabaros@KABAROS-DELL 2011-10-22 17:58:58" runUser="kabaros-Dell\kabaros" xmlns="http://microsoft.com/schemas/VisualStudio/TeamTest/2010">
  <TestSettings name="Local" id="d6f95e15-0651-4403-91b8-21b86f983d5c">
    <Description>These are default test settings for a local test run.</Description>
    <Deployment userDeploymentRoot="c:\users\kabaros\documents\visual studio 2010\Projects\MenFromMars\TestResults" useDefaultDeploymentRoot="false" enabled="false" runDeploymentRoot="kabaros_KABAROS-DELL 2011-10-22 17_58_58">
      <DeploymentItem filename="c:\users\kabaros\documents\visual studio 2010\Projects\MenFromMars\Robot\bin\Debug\Robots.dll" />
    </Deployment>
    <Execution>
      <TestTypeSpecific />
      <AgentRule name="Execution Agents">
      </AgentRule>
    </Execution>
  </TestSettings>
  <Times creation="2011-10-22T17:58:58.7700555+01:00" queuing="2011-10-22T17:58:58.7740558+01:00" start="2011-10-22T17:58:58.7810562+01:00" finish="2011-10-22T17:58:59.1120751+01:00" />
  <ResultSummary outcome="Failed">
    <Counters total="1" executed="1" error="0" failed="1" timeout="0" aborted="0" inconclusive="0" passedButRunAborted="0" notRunnable="0" notExecuted="0" disconnected="0" warning="0" passed="0" completed="0" inProgress="0" pending="0" />
  </ResultSummary>
  <TestDefinitions>
    <UnitTest name="TestRobots" storage="c:\users\kabaros\documents\visual studio 2010\projects\menfrommars\marstest\bin\debug\marstest.dll" id="5c088620-63e7-0bf0-4a8c-2b4ad903de5b">
      <Execution id="6a65bf7f-4bc2-47ec-ada4-45436cdf94d3" />
      <TestMethod codeBase="c:/users/kabaros/documents/visual studio 2010/Projects/MenFromMars/MarsTest/bin/Debug/MarsTest.DLL" adapterTypeName="Microsoft.VisualStudio.TestTools.TestTypes.Unit.UnitTestAdapter, Microsoft.VisualStudio.QualityTools.Tips.UnitTest.Adapter, Version=10.0.0.0, Culture=neutral, PublicKeyToken=b03f5f7f11d50a3a" className="MarsTest.RobotTests, MarsTest, Version=1.0.0.0, Culture=neutral, PublicKeyToken=null" name="TestRobots" />
    </UnitTest>
  </TestDefinitions>
  <TestLists>
    <TestList name="Results Not in a List" id="8c84fa94-04c1-424b-9868-57a2d4851a1d" />
    <TestList name="All Loaded Results" id="19431567-8539-422a-85d7-44ee4e166bda" />
  </TestLists>
  <TestEntries>
    <TestEntry testId="5c088620-63e7-0bf0-4a8c-2b4ad903de5b" executionId="6a65bf7f-4bc2-47ec-ada4-45436cdf94d3" testListId="8c84fa94-04c1-424b-9868-57a2d4851a1d" />
  </TestEntries>
  <Results>
    <UnitTestResult executionId="6a65bf7f-4bc2-47ec-ada4-45436cdf94d3" testId="5c088620-63e7-0bf0-4a8c-2b4ad903de5b" testName="TestRobots" computerName="KABAROS-DELL" duration="00:00:00.0323236" startTime="2011-10-22T17:58:58.8130580+01:00" endTime="2011-10-22T17:58:59.0940741+01:00" testType="13cdc9d9-ddb5-4fa4-a97d-d965ccfc6d4b" outcome="Failed" testListId="8c84fa94-04c1-424b-9868-57a2d4851a1d" relativeResultsDirectory="6a65bf7f-4bc2-47ec-ada4-45436cdf94d3">
      <Output>
        <ErrorInfo>
          <Message>Assert.AreEqual failed. Expected:&lt;1 1 E
3 3 N LOST
2 3 S
&gt;. Actual:&lt;1 1 E
3 3 N LOST
2 3 S&gt;. </Message>
          <StackTrace>   at MarsTest.RobotTests.TestRobots() in c:\users\kabaros\documents\visual studio 2010\Projects\MenFromMars\MarsTest\RobotTest.cs:line 73
</StackTrace>
        </ErrorInfo>
      </Output>
    </UnitTestResult>
  </Results>
</TestRun>