<?xml version="1.0" encoding="UTF-8"?>
<TestRun id="468c9643-bf72-47f9-ab05-19d46b6a4ac5" name="kabaros@KABAROS-DELL 2011-10-22 18:15:15" runUser="kabaros-Dell\kabaros" xmlns="http://microsoft.com/schemas/VisualStudio/TeamTest/2010">
  <TestSettings name="Local" id="d6f95e15-0651-4403-91b8-21b86f983d5c">
    <Description>These are default test settings for a local test run.</Description>
    <Deployment enabled="false" runDeploymentRoot="kabaros_KABAROS-DELL 2011-10-22 18_15_15">
      <DeploymentItem filename="c:\users\kabaros\documents\visual studio 2010\Projects\MenFromMars\Robot\bin\Debug\Robots.dll" />
    </Deployment>
    <Execution>
      <TestTypeSpecific />
      <AgentRule name="Execution Agents">
      </AgentRule>
    </Execution>
  </TestSettings>
  <Times creation="2011-10-22T18:15:15.0158936+01:00" queuing="2011-10-22T18:15:16.0909551+01:00" start="2011-10-22T18:15:16.2179624+01:00" finish="2011-10-22T18:15:31.6638458+01:00" />
  <ResultSummary outcome="Error">
    <Counters total="3" executed="1" error="0" failed="0" timeout="0" aborted="1" inconclusive="0" passedButRunAborted="0" notRunnable="0" notExecuted="2" disconnected="0" warning="0" passed="0" completed="0" inProgress="0" pending="0" />
    <RunInfos>
      <RunInfo computerName="KABAROS-DELL" outcome="Error" timestamp="2011-10-22T18:15:31.6608456+01:00">
        <Text>Test host process exited unexpectedly.</Text>
      </RunInfo>
    </RunInfos>
  </ResultSummary>
  <TestDefinitions>
    <UnitTest name="TestMethod1" storage="c:\users\kabaros\documents\visual studio 2010\projects\menfrommars\marstest\bin\debug\marstest.dll" id="41fbd274-9f77-d36b-abfe-bf96156699b5">
      <Execution id="6cb11c21-1bfa-4a02-a944-45eec000c29b" />
      <TestMethod codeBase="c:/users/kabaros/documents/visual studio 2010/Projects/MenFromMars/MarsTest/bin/Debug/MarsTest.DLL" adapterTypeName="Microsoft.VisualStudio.TestTools.TestTypes.Unit.UnitTestAdapter, Microsoft.VisualStudio.QualityTools.Tips.UnitTest.Adapter, Version=10.0.0.0, Culture=neutral, PublicKeyToken=b03f5f7f11d50a3a" className="MarsTest.UnitTest1, MarsTest, Version=1.0.0.0, Culture=neutral, PublicKeyToken=null" name="TestMethod1" />
    </UnitTest>
    <UnitTest name="TestFromFiles" storage="c:\users\kabaros\documents\visual studio 2010\projects\menfrommars\marstest\bin\debug\marstest.dll" id="0ffe0b2c-8b4f-2bff-26d8-40e37c32c019">
      <Execution id="ce4a5a1e-8a9e-4cfa-b06e-510943e16923" />
      <TestMethod codeBase="c:/users/kabaros/documents/visual studio 2010/Projects/MenFromMars/MarsTest/bin/Debug/MarsTest.DLL" adapterTypeName="Microsoft.VisualStudio.TestTools.TestTypes.Unit.UnitTestAdapter, Microsoft.VisualStudio.QualityTools.Tips.UnitTest.Adapter, Version=10.0.0.0, Culture=neutral, PublicKeyToken=b03f5f7f11d50a3a" className="MarsTest.RobotTests, MarsTest, Version=1.0.0.0, Culture=neutral, PublicKeyToken=null" name="TestFromFiles" />
    </UnitTest>
    <UnitTest name="TestMovingLeftAndRight" storage="c:\users\kabaros\documents\visual studio 2010\projects\menfrommars\marstest\bin\debug\marstest.dll" id="fcb59a97-6b5c-6347-0cbf-9764a1e243aa">
      <Execution id="32060612-242c-475c-be6d-fef65ad93acc" />
      <TestMethod codeBase="c:/users/kabaros/documents/visual studio 2010/Projects/MenFromMars/MarsTest/bin/Debug/MarsTest.DLL" adapterTypeName="Microsoft.VisualStudio.TestTools.TestTypes.Unit.UnitTestAdapter, Microsoft.VisualStudio.QualityTools.Tips.UnitTest.Adapter, Version=10.0.0.0, Culture=neutral, PublicKeyToken=b03f5f7f11d50a3a" className="MarsTest.OrientationsTest, MarsTest, Version=1.0.0.0, Culture=neutral, PublicKeyToken=null" name="TestMovingLeftAndRight" />
    </UnitTest>
  </TestDefinitions>
  <TestLists>
    <TestList name="Results Not in a List" id="8c84fa94-04c1-424b-9868-57a2d4851a1d" />
    <TestList name="All Loaded Results" id="19431567-8539-422a-85d7-44ee4e166bda" />
  </TestLists>
  <TestEntries>
    <TestEntry testId="0ffe0b2c-8b4f-2bff-26d8-40e37c32c019" executionId="ce4a5a1e-8a9e-4cfa-b06e-510943e16923" testListId="8c84fa94-04c1-424b-9868-57a2d4851a1d" />
    <TestEntry testId="41fbd274-9f77-d36b-abfe-bf96156699b5" executionId="6cb11c21-1bfa-4a02-a944-45eec000c29b" testListId="8c84fa94-04c1-424b-9868-57a2d4851a1d" />
    <TestEntry testId="fcb59a97-6b5c-6347-0cbf-9764a1e243aa" executionId="32060612-242c-475c-be6d-fef65ad93acc" testListId="8c84fa94-04c1-424b-9868-57a2d4851a1d" />
  </TestEntries>
  <Results>
    <UnitTestResult executionId="ce4a5a1e-8a9e-4cfa-b06e-510943e16923" testId="0ffe0b2c-8b4f-2bff-26d8-40e37c32c019" testName="TestFromFiles" computerName="KABAROS-DELL" duration="00:00:15.3158760" startTime="2011-10-22T18:15:16.3479698+01:00" endTime="2011-10-22T18:15:31.6638458+01:00" testType="13cdc9d9-ddb5-4fa4-a97d-d965ccfc6d4b" outcome="Aborted" testListId="8c84fa94-04c1-424b-9868-57a2d4851a1d" relativeResultsDirectory="ce4a5a1e-8a9e-4cfa-b06e-510943e16923">
    </UnitTestResult>
    <UnitTestResult executionId="6cb11c21-1bfa-4a02-a944-45eec000c29b" testId="41fbd274-9f77-d36b-abfe-bf96156699b5" testName="TestMethod1" computerName="KABAROS-DELL" testType="13cdc9d9-ddb5-4fa4-a97d-d965ccfc6d4b" outcome="NotExecuted" testListId="8c84fa94-04c1-424b-9868-57a2d4851a1d" relativeResultsDirectory="6cb11c21-1bfa-4a02-a944-45eec000c29b">
    </UnitTestResult>
    <UnitTestResult executionId="32060612-242c-475c-be6d-fef65ad93acc" testId="fcb59a97-6b5c-6347-0cbf-9764a1e243aa" testName="TestMovingLeftAndRight" computerName="KABAROS-DELL" testType="13cdc9d9-ddb5-4fa4-a97d-d965ccfc6d4b" outcome="NotExecuted" testListId="8c84fa94-04c1-424b-9868-57a2d4851a1d" relativeResultsDirectory="32060612-242c-475c-be6d-fef65ad93acc">
    </UnitTestResult>
  </Results>
</TestRun>